// Jest Snapshot v1, https://goo.gl/fbAQLP

exports[`ConfirmButtons Test render: render ConfirmButtons 1`] = `
<ConfirmButtons
  cancelText="Cancelar"
  confirmText="Confirmar"
  disabled={false}
  loading={false}
  onCancel={[Function]}
  onConfirm={[Function]}
>
  <div
    className="ConfirmButtons"
    style={Object {}}
  >
    <button
      className="u-Button u-Button--white ConfirmButtons-button"
      onClick={[Function]}
    >
      Cancelar
    </button>
    <button
      className="u-Button ConfirmButtons-button"
      disabled={false}
      onClick={[Function]}
    >
      Confirmar
    </button>
  </div>
</ConfirmButtons>
`;
