// Jest Snapshot v1, https://goo.gl/fbAQLP

exports[`BoxMessage Test render: render BoxMessage 1`] = `
<div
  className="BoxMessage BoxMessage--error"
>
  <Icon
    name="exclamation"
    style={
      Object {
        "fill": "white",
        "height": 30,
        "paddingRight": 10,
        "width": 30,
      }
    }
  />
  <styled.span
    color="textLight"
  >
    Caja de Mensajes
  </styled.span>
</div>
`;
