// Jest Snapshot v1, https://goo.gl/fbAQLP

exports[`BoxMessage Test render: render BoxMessage 1`] = `
ShallowWrapper {
  "length": 1,
  Symbol(enzyme.__root__): [Circular],
  Symbol(enzyme.__unrendered__): <BoxMessage
    show={true}
    type="error"
  >
    Caja de Mensajes
  </BoxMessage>,
  Symbol(enzyme.__renderer__): Object {
    "batchedUpdates": [Function],
    "getNode": [Function],
    "render": [Function],
    "simulateEvent": [Function],
    "unmount": [Function],
  },
  Symbol(enzyme.__node__): Object {
    "instance": null,
    "key": undefined,
    "nodeType": "host",
    "props": Object {
      "children": Array [
        <Icon
          name="exclamation"
          style={
            Object {
              "fill": "white",
              "height": 30,
              "paddingRight": 10,
              "width": 30,
            }
          }
        />,
        <styled.span
          color="LightText"
        >
          Caja de Mensajes
        </styled.span>,
      ],
      "className": "BoxMessage BoxMessage--error",
    },
    "ref": null,
    "rendered": Array [
      Object {
        "instance": null,
        "key": undefined,
        "nodeType": "function",
        "props": Object {
          "name": "exclamation",
          "style": Object {
            "fill": "white",
            "height": 30,
            "paddingRight": 10,
            "width": 30,
          },
        },
        "ref": null,
        "rendered": null,
        "type": [Function],
      },
      Object {
        "instance": null,
        "key": undefined,
        "nodeType": "class",
        "props": Object {
          "children": "Caja de Mensajes",
          "color": "LightText",
        },
        "ref": null,
        "rendered": "Caja de Mensajes",
        "type": [Function],
      },
    ],
    "type": "div",
  },
  Symbol(enzyme.__nodes__): Array [
    Object {
      "instance": null,
      "key": undefined,
      "nodeType": "host",
      "props": Object {
        "children": Array [
          <Icon
            name="exclamation"
            style={
              Object {
                "fill": "white",
                "height": 30,
                "paddingRight": 10,
                "width": 30,
              }
            }
          />,
          <styled.span
            color="LightText"
          >
            Caja de Mensajes
          </styled.span>,
        ],
        "className": "BoxMessage BoxMessage--error",
      },
      "ref": null,
      "rendered": Array [
        Object {
          "instance": null,
          "key": undefined,
          "nodeType": "function",
          "props": Object {
            "name": "exclamation",
            "style": Object {
              "fill": "white",
              "height": 30,
              "paddingRight": 10,
              "width": 30,
            },
          },
          "ref": null,
          "rendered": null,
          "type": [Function],
        },
        Object {
          "instance": null,
          "key": undefined,
          "nodeType": "class",
          "props": Object {
            "children": "Caja de Mensajes",
            "color": "LightText",
          },
          "ref": null,
          "rendered": "Caja de Mensajes",
          "type": [Function],
        },
      ],
      "type": "div",
    },
  ],
  Symbol(enzyme.__options__): Object {
    "adapter": ReactSixteenAdapter {
      "options": Object {
        "enableComponentDidUpdateOnSetState": true,
      },
    },
  },
}
`;
