// Jest Snapshot v1, https://goo.gl/fbAQLP

exports[`ConsoleInputRadio Test render: render ConsoleInputRadio 1`] = `
<label
  className="ConsoleInputRadio"
>
  <styled.span
    style={
      Object {
        "display": "block",
        "marginLeft": 5,
      }
    }
    weight="300"
  >
    Demo
  </styled.span>
  <input
    checked={false}
    className="ConsoleInputRadio--input"
    name="demo"
    onChange={[Function]}
    type="radio"
    value="value"
  />
  <span
    className="ConsoleInputRadio--radio"
  >
     
  </span>
</label>
`;
