// Jest Snapshot v1, https://goo.gl/fbAQLP

exports[`ModalCancel Test render: render ModalCancel 1`] = `
<ConsoleModalConfirm
  icon="alert"
  show={true}
  title="Titulo de la modal"
>
  <div
    className="ModalCancel"
  >
    <styled.h2
      color="textBold"
    >
      Si cancelas, se perderá la información actual.
    </styled.h2>
    <styled.h2
      color="textBold"
      style={
        Object {
          "fontWeight": "normal",
        }
      }
    >
      ¿Estás seguro?
    </styled.h2>
  </div>
  <ConfirmButtons
    cancelText="No, volver"
    confirmText="Sí, cancelar"
    disabled={false}
    loading={false}
    onCancel={[Function]}
    onConfirm={[Function]}
    styles={
      Object {
        "margin": "60px auto 20px auto",
        "width": "74%",
      }
    }
  />
</ConsoleModalConfirm>
`;
