// Jest Snapshot v1, https://goo.gl/fbAQLP

exports[`ModalCancel Test render: render ModalCancel 1`] = `
<MentorModalBase
  show={true}
>
  <div
    className="ModalCancel"
  >
    <div
      className="ModalCancel_texts"
    >
      <styled.h3
        style={
          Object {
            "margin": "7px 0",
          }
        }
      >
        Cancelar eliminar sesiones
      </styled.h3>
      <styled.h4
        style={
          Object {
            "margin": "7px 0",
          }
        }
        weight="300"
      >
        Si cancelas, se perderá la información actual.
      </styled.h4>
      <styled.h4
        style={
          Object {
            "margin": "7px 0",
          }
        }
        weight="300"
      >
        ¿Estás seguro?
      </styled.h4>
    </div>
    <div
      className="ModalCancel_buttons"
    >
      <Styled(Button)
        attrs={
          Object {
            "onClick": [Function],
          }
        }
        text="No, volver"
        type="secondary"
      />
      <Styled(Button)
        attrs={
          Object {
            "onClick": [Function],
          }
        }
        text="Sí, cancelar"
      />
    </div>
  </div>
</MentorModalBase>
`;
