// Jest Snapshot v1, https://goo.gl/fbAQLP

exports[`InputRadioReports Test render: render InputRadioReports 1`] = `
<InputRadioReports
  inputs={Array []}
  name="demo"
  type=""
>
  <FormRow
    columns={Array []}
    style={
      Object {
        "marginTop": 20,
      }
    }
  >
    <div
      className="FormRow"
      style={
        Object {
          "marginTop": 20,
        }
      }
    />
  </FormRow>
</InputRadioReports>
`;
