// Jest Snapshot v1, https://goo.gl/fbAQLP

exports[`ModalConfirmDelete Test render: render ModalConfirmDelete 1`] = `
<MentorModalBase
  show={true}
>
  <div
    className="ModalConfirmDelete"
  >
    <div
      className="ModalConfirmDelete_texts"
    >
      <styled.h3
        style={
          Object {
            "margin": "7px 0",
          }
        }
      >
        ¿Estás seguro que deseas eliminar 
        las undefined sesiones
        ?
      </styled.h3>
      <styled.h4
        style={
          Object {
            "margin": "7px 0",
          }
        }
        weight="300"
      >
        Si eliminas 
        estas sesiones
         no podrás revertir esta acción más adelante.
      </styled.h4>
    </div>
    <div
      className="ModalConfirmDelete_buttons"
    >
      <Styled(Button)
        attrs={
          Object {
            "onClick": [Function],
          }
        }
        text="Cancelar"
        type="secondary"
      />
      <Styled(Button)
        attrs={
          Object {
            "onClick": [Function],
          }
        }
        text="Aceptar"
      />
    </div>
  </div>
</MentorModalBase>
`;
