// Jest Snapshot v1, https://goo.gl/fbAQLP

exports[`ModalConfirmDelete Test render: render ModalConfirmDelete 1`] = `
<ConsoleModalConfirm
  show={true}
  title="¿Estás seguro que deseas eliminar
las sesiones?"
>
  <div
    className="ModalConfirmDelete"
  >
    <styled.h2
      style={
        Object {
          "color": "#ee5c7d",
        }
      }
    >
      <span
        style={
          Object {
            "position": "relative",
          }
        }
      >
        <Icon
          name="exclamation"
          style={
            Object {
              "fill": "#ee5c7d",
              "height": 24,
              "position": "absolute",
              "top": 4,
              "width": 24,
            }
          }
        />
      </span>
       
      <span
        style={
          Object {
            "paddingLeft": 25,
          }
        }
      >
        Si eliminas 
        estas sesiones
         no podrás revertir esta acción más adelante.
      </span>
    </styled.h2>
  </div>
  <ConfirmButtons
    cancelText="No, volver"
    confirmText="Si, eliminar"
    disabled={false}
    loading={false}
    onCancel={[Function]}
    onConfirm={[Function]}
    styles={
      Object {
        "margin": "60px auto 20px auto",
        "width": "74%",
      }
    }
  />
</ConsoleModalConfirm>
`;
